./run_train_lite.sh: 3: source: not found
GPU 2
[2025-11-14 11:59:11,037][pytorch_lightning.utilities.rank_zero][INFO] - GPU available: True (cuda), used: True
[2025-11-14 11:59:11,038][pytorch_lightning.utilities.rank_zero][INFO] - TPU available: False, using: 0 TPU cores
[2025-11-14 11:59:11,038][pytorch_lightning.utilities.rank_zero][INFO] - HPU available: False, using: 0 HPUs
/dmidata/users/malegu/results/lightning_logs/version_4440

Logdir: /dmidata/users/malegu/results/lightning_logs/version_4440

[2025-11-14 11:59:47,187][pytorch_lightning.accelerators.cuda][INFO] - LOCAL_RANK: 0 - CUDA_VISIBLE_DEVICES: [2]
[2025-11-14 11:59:47,195][pytorch_lightning.callbacks.model_summary][INFO] - 
  | Name   | Type        | Params | Mode 
-----------------------------------------------
0 | solver | GradSolvers | 359 K  | train
-----------------------------------------------
359 K     Trainable params
0         Non-trainable params
359 K     Total params
1.437     Total estimated model params size (MB)
53        Modules in train mode
0         Modules in eval mode
Sanity Checking: |          | 0/? [00:00<?, ?it/s][DATA LOADING] Patch 64/23231025 (count=1)
[DATA LOADING] Patch 0/23231025 (count=1)
[DATA] Loading 15 NetCDF files...
[DATA] Loading 15 NetCDF files...
[DATA LOADING] Patch 32/23231025 (count=1)
[DATA LOADING] Patch 128/23231025 (count=1)
[DATA LOADING] Patch 192/23231025 (count=1)
[DATA LOADING] Patch 224/23231025 (count=1)
[DATA LOADING] Patch 160/23231025 (count=1)
[DATA LOADING] Patch 96/23231025 (count=1)
[DATA] Loading 15 NetCDF files...
[DATA] Loading 15 NetCDF files...
[DATA] Loading 15 NetCDF files...
[DATA] Loading 15 NetCDF files...
[DATA] Loading 15 NetCDF files...
[DATA] Loading 15 NetCDF files...
[DATA] NetCDF loaded and concatenated, starting validation...
[DATA] NetCDF loaded and concatenated, starting validation...
[DATA] NetCDF loaded and concatenated, starting validation...
[DATA] NetCDF loaded and concatenated, starting validation...
[DATA] NetCDF loaded and concatenated, starting validation...
[DATA] NetCDF loaded and concatenated, starting validation...
[DATA] NetCDF loaded and concatenated, starting validation...
[DATA] NetCDF loaded and concatenated, starting validation...
[NORM] Starting normalization...
[NORM] Creating TrainingItem...
[NORM] Normalizing target variables...
[NORM] Validating tgt_sst range...
[NORM] Normalizing input variables...
[NORM] Starting normalization...
[NORM] Creating TrainingItem...
[NORM] Normalizing target variables...
[NORM] Validating tgt_sst range...
[NORM] Normalizing input variables...
[NORM] Starting normalization...
[NORM] Creating TrainingItem...
[NORM] Normalizing target variables...
[NORM] Validating tgt_sst range...
[NORM] Normalizing input variables...
[NORM] Starting normalization...
[NORM] Creating TrainingItem...
[NORM] Normalizing target variables...
[NORM] Validating tgt_sst range...
[NORM] Normalizing input variables...
[NORM] Starting normalization...
[NORM] Creating TrainingItem...
[NORM] Normalizing target variables...
[NORM] Starting normalization...
[NORM] Creating TrainingItem...
[NORM] Normalizing target variables...
[NORM] Validating tgt_sst range...
[DATA] Loading 15 NetCDF files...
[NORM] Normalizing input variables...
[NORM] Starting normalization...
[NORM] Creating TrainingItem...
[NORM] Normalizing target variables...
[NORM] Validating tgt_sst range...
[NORM] Normalizing input variables...
[NORM] Validating tgt_sst range...
[NORM] Normalizing input variables...
[NORM] Starting normalization...
[NORM] Creating TrainingItem...
[NORM] Normalizing target variables...
[NORM] Starting normalization...
[NORM] Creating TrainingItem...
[NORM] Normalizing target variables...
[NORM] Validating tgt_sst range...
[NORM] Normalizing input variables...
[NORM] Starting normalization...
[NORM] Creating TrainingItem...
[NORM] Normalizing target variables...
[NORM] Validating tgt_sst range...
[NORM] Normalizing input variables...
[NORM] Validating tgt_sst range...
[NORM] Normalizing input variables...
[DATA] Loading 15 NetCDF files...
[NORM] Starting normalization...
[NORM] Creating TrainingItem...
[NORM] Normalizing target variables...
[NORM] Starting normalization...
[NORM] Creating TrainingItem...
[NORM] Normalizing target variables...
[NORM] Validating tgt_sst range...
[NORM] Starting normalization...
[NORM] Normalizing input variables...
[NORM] Creating TrainingItem...
[NORM] Normalizing target variables...
[NORM] Validating tgt_sst range...
[NORM] Normalizing input variables...
[NORM] Validating tgt_sst range...
[NORM] Normalizing input variables...
[DATA] Loading 15 NetCDF files...
[DATA] Loading 15 NetCDF files...
[NORM] Starting normalization...
[NORM] Creating TrainingItem...
[NORM] Normalizing target variables...
[NORM] Starting normalization...
[NORM] Creating TrainingItem...
[NORM] Normalizing target variables...
[NORM] Validating tgt_sst range...
[NORM] Normalizing input variables...
[NORM] Validating tgt_sst range...
[NORM] Normalizing input variables...
[NORM] Starting normalization...
[NORM] Creating TrainingItem...
[NORM] Normalizing target variables...
[NORM] Starting normalization...
[NORM] Creating TrainingItem...
[NORM] Normalizing target variables...
[NORM] Validating tgt_sst range...
[NORM] Normalizing input variables...
[NORM] Validating tgt_sst range...
[NORM] Normalizing input variables...
[DATA] Loading 15 NetCDF files...
[NORM] Starting normalization...
[NORM] Creating TrainingItem...
[NORM] Normalizing target variables...
[NORM] Starting normalization...
[NORM] Creating TrainingItem...
[NORM] Normalizing target variables...
[NORM] Validating tgt_sst range...
[NORM] Normalizing input variables...
[NORM] Validating tgt_sst range...
[NORM] Normalizing input variables...
[DATA] Loading 15 NetCDF files...
[NORM] Starting normalization...
[NORM] Creating TrainingItem...
[NORM] Normalizing target variables...
[NORM] Validating tgt_sst range...
[NORM] Normalizing input variables...
[NORM] Starting normalization...
[NORM] Creating TrainingItem...
[NORM] Normalizing target variables...
[NORM] Starting normalization...
[NORM] Creating TrainingItem...
[NORM] Normalizing target variables...
[NORM] Validating tgt_sst range...
[NORM] Normalizing input variables...
[NORM] Validating tgt_sst range...
[NORM] Normalizing input variables...
[DATA] Loading 15 NetCDF files...
[NORM] Starting normalization...
[NORM] Creating TrainingItem...
[NORM] Normalizing target variables...
[NORM] Validating tgt_sst range...
[NORM] Normalizing input variables...
[NORM] Starting normalization...
[NORM] Creating TrainingItem...
[NORM] Normalizing target variables...
[NORM] Validating tgt_sst range...
[NORM] Normalizing input variables...
[DATA] Loading 15 NetCDF files...
[DATA] NetCDF loaded and concatenated, starting validation...
[DATA] NetCDF loaded and concatenated, starting validation...
[DATA] NetCDF loaded and concatenated, starting validation...
[DATA] NetCDF loaded and concatenated, starting validation...
[DATA] NetCDF loaded and concatenated, starting validation...
[DATA] NetCDF loaded and concatenated, starting validation...
[DATA] NetCDF loaded and concatenated, starting validation...
[DATA] NetCDF loaded and concatenated, starting validation...
[NORM] Starting normalization...
[NORM] Creating TrainingItem...
[NORM] Normalizing target variables...
[NORM] Validating tgt_sst range...
[NORM] Normalizing input variables...
[NORM] Starting normalization...
[NORM] Creating TrainingItem...
[NORM] Normalizing target variables...
[NORM] Validating tgt_sst range...
[NORM] Normalizing input variables...
[NORM] Starting normalization...
[NORM] Creating TrainingItem...
[NORM] Normalizing target variables...
[NORM] Validating tgt_sst range...
[NORM] Normalizing input variables...
[NORM] Starting normalization...
[NORM] Creating TrainingItem...
[NORM] Normalizing target variables...
[NORM] Starting normalization...
[NORM] Creating TrainingItem...
[NORM] Normalizing target variables...
[NORM] Validating tgt_sst range...
[NORM] Normalizing input variables...
[NORM] Validating tgt_sst range...
[NORM] Normalizing input variables...
[NORM] Starting normalization...
[NORM] Creating TrainingItem...
[NORM] Normalizing target variables...
[NORM] Starting normalization...
[NORM] Creating TrainingItem...
[NORM] Normalizing target variables...
[NORM] Validating tgt_sst range...
[NORM] Normalizing input variables...
[NORM] Starting normalization...
[NORM] Creating TrainingItem...
[NORM] Normalizing target variables...
[NORM] Validating tgt_sst range...
[NORM] Normalizing input variables...
[NORM] Validating tgt_sst range...
[NORM] Normalizing input variables...
[DATA] Loading 15 NetCDF files...
[NORM] Starting normalization...
[NORM] Creating TrainingItem...
[NORM] Normalizing target variables...
[DATA] Loading 15 NetCDF files...
[NORM] Validating tgt_sst range...
[NORM] Normalizing input variables...
[DATA] Loading 15 NetCDF files...
[NORM] Starting normalization...
[NORM] Creating TrainingItem...
[NORM] Normalizing target variables...
[NORM] Starting normalization...
[NORM] Creating TrainingItem...
[NORM] Normalizing target variables...
[NORM] Validating tgt_sst range...
[NORM] Normalizing input variables...
[NORM] Validating tgt_sst range...
[NORM] Normalizing input variables...
[NORM] Starting normalization...
[NORM] Creating TrainingItem...
[NORM] Normalizing target variables...
[NORM] Starting normalization...
[NORM] Creating TrainingItem...
[NORM] Normalizing target variables...
[NORM] Validating tgt_sst range...
[NORM] Normalizing input variables...
[NORM] Validating tgt_sst range...
[NORM] Normalizing input variables...
[NORM] Starting normalization...
[NORM] Creating TrainingItem...
[NORM] Normalizing target variables...
[NORM] Starting normalization...
[NORM] Creating TrainingItem...
[NORM] Normalizing target variables...
[NORM] Validating tgt_sst range...
[NORM] Normalizing input variables...
[NORM] Starting normalization...
[NORM] Creating TrainingItem...
[NORM] Normalizing target variables...
[NORM] Validating tgt_sst range...
[NORM] Normalizing input variables...
[NORM] Starting normalization...
[NORM] Creating TrainingItem...
[NORM] Normalizing target variables...
[NORM] Validating tgt_sst range...
[NORM] Normalizing input variables...
[DATA LOADING] Patch 130/23231025 (count=2)
[DATA] Loading 15 NetCDF files...
[DATA] Loading 15 NetCDF files...
[NORM] Validating tgt_sst range...
[NORM] Normalizing input variables...
[NORM] Starting normalization...
[NORM] Creating TrainingItem...
[NORM] Normalizing target variables...
[NORM] Starting normalization...
[NORM] Creating TrainingItem...
[NORM] Normalizing target variables...
[NORM] Validating tgt_sst range...
[NORM] Normalizing input variables...
[NORM] Validating tgt_sst range...
[NORM] Normalizing input variables...
[NORM] Starting normalization...
[NORM] Creating TrainingItem...
[NORM] Normalizing target variables...
[NORM] Validating tgt_sst range...
[NORM] Normalizing input variables...
[NORM] Starting normalization...
[NORM] Creating TrainingItem...
[NORM] Normalizing target variables...
[NORM] Validating tgt_sst range...
[NORM] Normalizing input variables...
[NORM] Starting normalization...
[NORM] Creating TrainingItem...
[NORM] Normalizing target variables...
[NORM] Starting normalization...
[NORM] Creating TrainingItem...
[NORM] Normalizing target variables...
[DATA] Loading 15 NetCDF files...
[NORM] Validating tgt_sst range...
[NORM] Validating tgt_sst range...
[NORM] Normalizing input variables...
[NORM] Normalizing input variables...
[DATA] Loading 15 NetCDF files...
[NORM] Starting normalization...
[NORM] Creating TrainingItem...
[NORM] Normalizing target variables...
[NORM] Validating tgt_sst range...
[NORM] Normalizing input variables...
[DATA] Loading 15 NetCDF files...
[DATA] NetCDF loaded and concatenated, starting validation...
[DATA] NetCDF loaded and concatenated, starting validation...
[DATA] NetCDF loaded and concatenated, starting validation...
[DATA] NetCDF loaded and concatenated, starting validation...
[DATA] NetCDF loaded and concatenated, starting validation...
[DATA] NetCDF loaded and concatenated, starting validation...
[DATA] NetCDF loaded and concatenated, starting validation...
[DATA] NetCDF loaded and concatenated, starting validation...
[NORM] Starting normalization...
[NORM] Creating TrainingItem...
[NORM] Normalizing target variables...
[NORM] Validating tgt_sst range...
[NORM] Normalizing input variables...
[NORM] Starting normalization...
[NORM] Creating TrainingItem...
[NORM] Normalizing target variables...
[NORM] Starting normalization...
[NORM] Creating TrainingItem...
[NORM] Normalizing target variables...
[NORM] Validating tgt_sst range...
[NORM] Normalizing input variables...
[NORM] Validating tgt_sst range...
[NORM] Normalizing input variables...
[NORM] Starting normalization...
[NORM] Creating TrainingItem...
[NORM] Normalizing target variables...
[NORM] Validating tgt_sst range...
[NORM] Normalizing input variables...
[NORM] Starting normalization...
[NORM] Creating TrainingItem...
[NORM] Normalizing target variables...
[NORM] Validating tgt_sst range...
[NORM] Normalizing input variables...
[DATA] Loading 15 NetCDF files...
[NORM] Starting normalization...
[NORM] Creating TrainingItem...
[NORM] Normalizing target variables...
[NORM] Validating tgt_sst range...
[NORM] Normalizing input variables...
[DATA] Loading 15 NetCDF files...
[NORM] Starting normalization...
[NORM] Creating TrainingItem...
[NORM] Normalizing target variables...
[NORM] Validating tgt_sst range...
[NORM] Normalizing input variables...
[NORM] Starting normalization...
[NORM] Creating TrainingItem...
[NORM] Normalizing target variables...
[NORM] Validating tgt_sst range...
[NORM] Normalizing input variables...
[NORM] Starting normalization...
[NORM] Creating TrainingItem...
[NORM] Normalizing target variables...
[NORM] Validating tgt_sst range...
[NORM] Normalizing input variables...
[DATA] Loading 15 NetCDF files...
[NORM] Starting normalization...
[NORM] Creating TrainingItem...
[NORM] Normalizing target variables...
[NORM] Validating tgt_sst range...
[NORM] Normalizing input variables...
[NORM] Starting normalization...
[NORM] Creating TrainingItem...
[NORM] Normalizing target variables...
[NORM] Validating tgt_sst range...
[NORM] Normalizing input variables...
[NORM] Starting normalization...
[NORM] Creating TrainingItem...
[NORM] Normalizing target variables...
[NORM] Validating tgt_sst range...
[NORM] Normalizing input variables...
[DATA] NetCDF loaded and concatenated, starting validation...
[DATA] Loading 15 NetCDF files...
[NORM] Starting normalization...
[NORM] Creating TrainingItem...
[NORM] Normalizing target variables...
[NORM] Validating tgt_sst range...
[NORM] Normalizing input variables...
[NORM] Starting normalization...
[NORM] Creating TrainingItem...
[NORM] Normalizing target variables...
[NORM] Validating tgt_sst range...
[NORM] Normalizing input variables...
[NORM] Starting normalization...
[NORM] Creating TrainingItem...
[NORM] Normalizing target variables...
[NORM] Validating tgt_sst range...
[NORM] Normalizing input variables...
[DATA] NetCDF loaded and concatenated, starting validation...
[DATA] NetCDF loaded and concatenated, starting validation...
[DATA] Loading 15 NetCDF files...
[NORM] Starting normalization...
[NORM] Creating TrainingItem...
[NORM] Normalizing target variables...
[NORM] Starting normalization...
[NORM] Creating TrainingItem...
[NORM] Normalizing target variables...
[NORM] Validating tgt_sst range...
[NORM] Normalizing input variables...
[NORM] Validating tgt_sst range...
[NORM] Normalizing input variables...
[NORM] Starting normalization...
[NORM] Creating TrainingItem...
[NORM] Normalizing target variables...
[NORM] Validating tgt_sst range...
[NORM] Normalizing input variables...
[NORM] Starting normalization...
[NORM] Creating TrainingItem...
[NORM] Normalizing target variables...
[NORM] Validating tgt_sst range...
[NORM] Normalizing input variables...
[NORM] Starting normalization...
[NORM] Creating TrainingItem...
[NORM] Normalizing target variables...
[NORM] Validating tgt_sst range...
[NORM] Normalizing input variables...
[NORM] Starting normalization...
[NORM] Creating TrainingItem...
[NORM] Normalizing target variables...
[NORM] Validating tgt_sst range...
[NORM] Normalizing input variables...
[DATA] Loading 15 NetCDF files...
[DATA] Loading 15 NetCDF files...
[NORM] Starting normalization...
[NORM] Creating TrainingItem...
[NORM] Normalizing target variables...
[NORM] Validating tgt_sst range...
[NORM] Normalizing input variables...
[NORM] Starting normalization...
[NORM] Creating TrainingItem...
[NORM] Normalizing target variables...
[NORM] Validating tgt_sst range...
[NORM] Normalizing input variables...
[NORM] Starting normalization...
[NORM] Creating TrainingItem...
[NORM] Normalizing target variables...
[NORM] Validating tgt_sst range...
[NORM] Normalizing input variables...
[DATA] Loading 15 NetCDF files...
[DATA] NetCDF loaded and concatenated, starting validation...
[DATA] NetCDF loaded and concatenated, starting validation...
[DATA] NetCDF loaded and concatenated, starting validation...
[DATA] NetCDF loaded and concatenated, starting validation...
[DATA] NetCDF loaded and concatenated, starting validation...
[NORM] Starting normalization...
[NORM] Creating TrainingItem...
[NORM] Normalizing target variables...
[NORM] Starting normalization...
[NORM] Creating TrainingItem...
[NORM] Normalizing target variables...
[NORM] Validating tgt_sst range...
[NORM] Normalizing input variables...
[NORM] Validating tgt_sst range...
[NORM] Normalizing input variables...
[NORM] Starting normalization...
[NORM] Creating TrainingItem...
[NORM] Normalizing target variables...
[NORM] Starting normalization...
[NORM] Creating TrainingItem...
[NORM] Normalizing target variables...
[NORM] Validating tgt_sst range...
[NORM] Normalizing input variables...
[NORM] Validating tgt_sst range...
[NORM] Starting normalization...
[NORM] Creating TrainingItem...
[NORM] Normalizing target variables...
[NORM] Normalizing input variables...
[NORM] Validating tgt_sst range...
[NORM] Normalizing input variables...
[NORM] Starting normalization...
[NORM] Creating TrainingItem...
[NORM] Normalizing target variables...
[NORM] Starting normalization...
[NORM] Creating TrainingItem...
[NORM] Normalizing target variables...
[NORM] Validating tgt_sst range...
[NORM] Normalizing input variables...
[NORM] Validating tgt_sst range...
[NORM] Normalizing input variables...
[NORM] Starting normalization...
[NORM] Creating TrainingItem...
[NORM] Normalizing target variables...
[NORM] Validating tgt_sst range...
[NORM] Normalizing input variables...
[DATA] Loading 15 NetCDF files...
[NORM] Starting normalization...
[NORM] Creating TrainingItem...
[NORM] Normalizing target variables...
[DATA] Loading 15 NetCDF files...
[NORM] Validating tgt_sst range...
[NORM] Normalizing input variables...
[DATA] Loading 15 NetCDF files...
[DATA] NetCDF loaded and concatenated, starting validation...
[DATA] NetCDF loaded and concatenated, starting validation...
[DATA] NetCDF loaded and concatenated, starting validation...
[NORM] Starting normalization...
[NORM] Creating TrainingItem...
[NORM] Normalizing target variables...
[NORM] Validating tgt_sst range...
[NORM] Normalizing input variables...
[NORM] Starting normalization...
[NORM] Creating TrainingItem...
[NORM] Normalizing target variables...
[NORM] Validating tgt_sst range...
[NORM] Normalizing input variables...
[NORM] Starting normalization...
[NORM] Creating TrainingItem...
[NORM] Normalizing target variables...
[NORM] Validating tgt_sst range...
[NORM] Normalizing input variables...
[NORM] Starting normalization...
[NORM] Creating TrainingItem...
[NORM] Normalizing target variables...
[NORM] Starting normalization...
[NORM] Creating TrainingItem...
[NORM] Normalizing target variables...
[NORM] Validating tgt_sst range...
[NORM] Normalizing input variables...
[NORM] Validating tgt_sst range...
[NORM] Normalizing input variables...
[DATA] Loading 15 NetCDF files...
[NORM] Starting normalization...
[NORM] Creating TrainingItem...
[NORM] Normalizing target variables...
[NORM] Validating tgt_sst range...
[NORM] Normalizing input variables...
[DATA] Loading 15 NetCDF files...
[NORM] Starting normalization...
[NORM] Creating TrainingItem...
[NORM] Normalizing target variables...
[NORM] Validating tgt_sst range...
[NORM] Normalizing input variables...
[NORM] Starting normalization...
[NORM] Creating TrainingItem...
[NORM] Normalizing target variables...
[NORM] Validating tgt_sst range...
[NORM] Normalizing input variables...
[NORM] Starting normalization...
[NORM] Creating TrainingItem...
[NORM] Normalizing target variables...
[NORM] Starting normalization...
[NORM] Creating TrainingItem...
[NORM] Normalizing target variables...
[NORM] Validating tgt_sst range...
[NORM] Normalizing input variables...
[NORM] Validating tgt_sst range...
[NORM] Normalizing input variables...
[NORM] Starting normalization...
[NORM] Creating TrainingItem...
[NORM] Normalizing target variables...
[DATA LOADING] Patch 100/23231025 (count=2)
[DATA] Loading 15 NetCDF files...
[NORM] Validating tgt_sst range...
[NORM] Normalizing input variables...
[NORM] Starting normalization...
[NORM] Creating TrainingItem...
[NORM] Normalizing target variables...
[NORM] Starting normalization...
[NORM] Creating TrainingItem...
[NORM] Normalizing target variables...
[NORM] Validating tgt_sst range...
[NORM] Normalizing input variables...
[NORM] Validating tgt_sst range...
[NORM] Normalizing input variables...
[DATA] Loading 15 NetCDF files...
[NORM] Starting normalization...
[NORM] Creating TrainingItem...
[NORM] Normalizing target variables...
[NORM] Validating tgt_sst range...
[NORM] Normalizing input variables...
[NORM] Starting normalization...
[NORM] Creating TrainingItem...
[NORM] Normalizing target variables...
[NORM] Validating tgt_sst range...
[NORM] Normalizing input variables...
[DATA] Loading 15 NetCDF files...
[DATA] NetCDF loaded and concatenated, starting validation...
[NORM] Starting normalization...
[NORM] Creating TrainingItem...
[NORM] Normalizing target variables...
[NORM] Validating tgt_sst range...
[NORM] Starting normalization...
[NORM] Creating TrainingItem...
[NORM] Normalizing input variables...
[NORM] Normalizing target variables...
[NORM] Starting normalization...
[NORM] Creating TrainingItem...
[NORM] Normalizing target variables...
[NORM] Validating tgt_sst range...
[NORM] Normalizing input variables...
[DATA] NetCDF loaded and concatenated, starting validation...
[NORM] Validating tgt_sst range...
[NORM] Normalizing input variables...
[NORM] Starting normalization...
[NORM] Creating TrainingItem...
[NORM] Normalizing target variables...
[NORM] Starting normalization...
[NORM] Creating TrainingItem...
[NORM] Normalizing target variables...
[NORM] Starting normalization...
[NORM] Creating TrainingItem...
[NORM] Normalizing target variables...
[NORM] Validating tgt_sst range...
[NORM] Normalizing input variables...
[NORM] Validating tgt_sst range...
[NORM] Normalizing input variables...
[NORM] Validating tgt_sst range...
[NORM] Normalizing input variables...
[NORM] Starting normalization...
[NORM] Creating TrainingItem...
[NORM] Normalizing target variables...
[NORM] Starting normalization...
[NORM] Creating TrainingItem...
[NORM] Normalizing target variables...
[NORM] Validating tgt_sst range...
[NORM] Normalizing input variables...
[NORM] Validating tgt_sst range...
[NORM] Normalizing input variables...
[NORM] Starting normalization...
[NORM] Creating TrainingItem...
[NORM] Normalizing target variables...
[NORM] Validating tgt_sst range...
[NORM] Normalizing input variables...
[DATA] Loading 15 NetCDF files...
[DATA] Loading 15 NetCDF files...
[DATA] Loading 15 NetCDF files...
[DATA] NetCDF loaded and concatenated, starting validation...
[DATA] NetCDF loaded and concatenated, starting validation...
[DATA] NetCDF loaded and concatenated, starting validation...
[DATA] NetCDF loaded and concatenated, starting validation...
[DATA] NetCDF loaded and concatenated, starting validation...
[DATA] NetCDF loaded and concatenated, starting validation...
[NORM] Starting normalization...
[NORM] Creating TrainingItem...
[NORM] Normalizing target variables...
[NORM] Validating tgt_sst range...
[NORM] Normalizing input variables...
[NORM] Starting normalization...
[NORM] Creating TrainingItem...
[NORM] Normalizing target variables...
[NORM] Validating tgt_sst range...
[NORM] Normalizing input variables...
[NORM] Starting normalization...
[NORM] Creating TrainingItem...
[NORM] Normalizing target variables...
[NORM] Validating tgt_sst range...
[NORM] Normalizing input variables...
[NORM] Starting normalization...
[NORM] Creating TrainingItem...
[NORM] Normalizing target variables...
[NORM] Validating tgt_sst range...
[NORM] Normalizing input variables...
[NORM] Starting normalization...
[NORM] Creating TrainingItem...
[NORM] Normalizing target variables...
[DATA] Loading 15 NetCDF files...
[NORM] Validating tgt_sst range...
[NORM] Normalizing input variables...
[NORM] Starting normalization...
[NORM] Creating TrainingItem...
[NORM] Normalizing target variables...
[NORM] Starting normalization...
[NORM] Creating TrainingItem...
[NORM] Normalizing target variables...
[NORM] Starting normalization...
[NORM] Creating TrainingItem...
[NORM] Normalizing target variables...
[NORM] Validating tgt_sst range...
[NORM] Normalizing input variables...
[NORM] Validating tgt_sst range...
[NORM] Normalizing input variables...
[NORM] Validating tgt_sst range...
[NORM] Normalizing input variables...
[DATA] Loading 15 NetCDF files...
[NORM] Starting normalization...
[NORM] Creating TrainingItem...
[NORM] Normalizing target variables...
[NORM] Starting normalization...
[NORM] Creating TrainingItem...
[NORM] Normalizing target variables...
[NORM] Validating tgt_sst range...
[NORM] Normalizing input variables...
[NORM] Validating tgt_sst range...
[NORM] Normalizing input variables...
[NORM] Starting normalization...
[NORM] Creating TrainingItem...
[NORM] Normalizing target variables...
[NORM] Validating tgt_sst range...
[NORM] Normalizing input variables...
[NORM] Starting normalization...
[NORM] Creating TrainingItem...
[NORM] Normalizing target variables...
[NORM] Validating tgt_sst range...
[NORM] Normalizing input variables...
[DATA] Loading 15 NetCDF files...
[DATA] Loading 15 NetCDF files...
[NORM] Starting normalization...
[NORM] Creating TrainingItem...
[NORM] Normalizing target variables...
[NORM] Validating tgt_sst range...
[NORM] Normalizing input variables...
[NORM] Starting normalization...
[NORM] Creating TrainingItem...
[NORM] Normalizing target variables...
[NORM] Validating tgt_sst range...
[NORM] Normalizing input variables...
[NORM] Starting normalization...
[NORM] Creating TrainingItem...
[NORM] Normalizing target variables...
[NORM] Validating tgt_sst range...
[NORM] Normalizing input variables...
[DATA] Loading 15 NetCDF files...
[NORM] Starting normalization...
[NORM] Creating TrainingItem...
[NORM] Normalizing target variables...
[NORM] Validating tgt_sst range...
[NORM] Normalizing input variables...
[NORM] Starting normalization...
[NORM] Creating TrainingItem...
[NORM] Normalizing target variables...
[NORM] Validating tgt_sst range...
[NORM] Normalizing input variables...
[NORM] Starting normalization...
[NORM] Creating TrainingItem...
[NORM] Normalizing target variables...
[NORM] Starting normalization...
[NORM] Creating TrainingItem...
[NORM] Normalizing target variables...
[NORM] Validating tgt_sst range...
[NORM] Normalizing input variables...
[NORM] Validating tgt_sst range...
[NORM] Normalizing input variables...
[DATA] Loading 15 NetCDF files...
[NORM] Starting normalization...
[NORM] Creating TrainingItem...
[NORM] Normalizing target variables...
[NORM] Validating tgt_sst range...
[NORM] Normalizing input variables...
[NORM] Starting normalization...
[NORM] Creating TrainingItem...
[NORM] Normalizing target variables...
[NORM] Validating tgt_sst range...
[NORM] Normalizing input variables...
[DATA] Loading 15 NetCDF files...
[NORM] Starting normalization...
[NORM] Creating TrainingItem...
[NORM] Normalizing target variables...
[NORM] Validating tgt_sst range...
[NORM] Normalizing input variables...
[NORM] Starting normalization...
[NORM] Creating TrainingItem...
[NORM] Normalizing target variables...
[NORM] Validating tgt_sst range...
[NORM] Normalizing input variables...
[NORM] Starting normalization...
[NORM] Creating TrainingItem...
[NORM] Normalizing target variables...
[NORM] Validating tgt_sst range...
[NORM] Normalizing input variables...
[DATA LOADING] Patch 70/23231025 (count=2)
[DATA] Loading 15 NetCDF files...
[DATA] NetCDF loaded and concatenated, starting validation...
[DATA] NetCDF loaded and concatenated, starting validation...
[DATA] NetCDF loaded and concatenated, starting validation...
[DATA] NetCDF loaded and concatenated, starting validation...
[DATA] NetCDF loaded and concatenated, starting validation...
[DATA] NetCDF loaded and concatenated, starting validation...
[DATA] NetCDF loaded and concatenated, starting validation...
[DATA] NetCDF loaded and concatenated, starting validation...
[NORM] Starting normalization...
[NORM] Creating TrainingItem...
[NORM] Normalizing target variables...
[NORM] Starting normalization...
[NORM] Creating TrainingItem...
[NORM] Normalizing target variables...
[NORM] Starting normalization...
[NORM] Creating TrainingItem...
[NORM] Normalizing target variables...
[NORM] Validating tgt_sst range...
[NORM] Normalizing input variables...
[NORM] Validating tgt_sst range...
[NORM] Normalizing input variables...
[NORM] Starting normalization...
[NORM] Creating TrainingItem...
[NORM] Normalizing target variables...
[NORM] Validating tgt_sst range...
[NORM] Normalizing input variables...
[NORM] Validating tgt_sst range...
[NORM] Normalizing input variables...
[NORM] Starting normalization...
[NORM] Creating TrainingItem...
[NORM] Normalizing target variables...
[NORM] Starting normalization...
[NORM] Creating TrainingItem...
[NORM] Normalizing target variables...
[NORM] Starting normalization...
[NORM] Creating TrainingItem...
[NORM] Normalizing target variables...
[NORM] Validating tgt_sst range...
[NORM] Normalizing input variables...
[NORM] Starting normalization...
[NORM] Creating TrainingItem...
[NORM] Normalizing target variables...
[NORM] Validating tgt_sst range...
[NORM] Normalizing input variables...
[NORM] Validating tgt_sst range...
[NORM] Normalizing input variables...
[NORM] Validating tgt_sst range...
[NORM] Normalizing input variables...
[NORM] Starting normalization...
[NORM] Creating TrainingItem...
[NORM] Normalizing target variables...
[NORM] Validating tgt_sst range...
[NORM] Normalizing input variables...
[NORM] Starting normalization...
[NORM] Creating TrainingItem...
[NORM] Normalizing target variables...
[NORM] Starting normalization...
[NORM] Creating TrainingItem...
[NORM] Normalizing target variables...
[NORM] Starting normalization...
[NORM] Creating TrainingItem...
[NORM] Normalizing target variables...
[NORM] Validating tgt_sst range...
[NORM] Validating tgt_sst range...
[NORM] Normalizing input variables...
[NORM] Validating tgt_sst range...
[NORM] Normalizing input variables...
[NORM] Normalizing input variables...
[DATA] Loading 15 NetCDF files...
[DATA] Loading 15 NetCDF files...
[DATA] Loading 15 NetCDF files...
[DATA LOADING] Patch 230/23231025 (count=2)
[DATA] Loading 15 NetCDF files...
[NORM] Starting normalization...
[NORM] Creating TrainingItem...
[NORM] Normalizing target variables...
[NORM] Validating tgt_sst range...
[NORM] Normalizing input variables...
[NORM] Starting normalization...
[NORM] Creating TrainingItem...
[NORM] Normalizing target variables...
[NORM] Validating tgt_sst range...
[NORM] Normalizing input variables...
[NORM] Starting normalization...
[NORM] Creating TrainingItem...
[NORM] Normalizing target variables...
[NORM] Validating tgt_sst range...
[NORM] Normalizing input variables...
[NORM] Starting normalization...
[NORM] Creating TrainingItem...
[NORM] Normalizing target variables...
[NORM] Validating tgt_sst range...
[NORM] Normalizing input variables...
[NORM] Starting normalization...
[NORM] Creating TrainingItem...
[NORM] Normalizing target variables...
[NORM] Validating tgt_sst range...
[NORM] Normalizing input variables...
[DATA] Loading 15 NetCDF files...
[NORM] Starting normalization...
[NORM] Creating TrainingItem...
[NORM] Normalizing target variables...
[NORM] Validating tgt_sst range...
[NORM] Normalizing input variables...
[DATA] Loading 15 NetCDF files...
[NORM] Starting normalization...
[NORM] Creating TrainingItem...
[NORM] Normalizing target variables...
[NORM] Validating tgt_sst range...
[NORM] Normalizing input variables...
[NORM] Starting normalization...
[NORM] Creating TrainingItem...
[NORM] Normalizing target variables...
[NORM] Validating tgt_sst range...
[NORM] Normalizing input variables...
[NORM] Starting normalization...
[NORM] Creating TrainingItem...
[NORM] Normalizing target variables...
[NORM] Validating tgt_sst range...
[NORM] Normalizing input variables...
[DATA] Loading 15 NetCDF files...
[NORM] Starting normalization...
[NORM] Creating TrainingItem...
[NORM] Normalizing target variables...
[NORM] Validating tgt_sst range...
[NORM] Normalizing input variables...
[NORM] Starting normalization...
[NORM] Creating TrainingItem...
[NORM] Normalizing target variables...
[NORM] Validating tgt_sst range...
[NORM] Normalizing input variables...
[NORM] Starting normalization...
[NORM] Creating TrainingItem...
[NORM] Normalizing target variables...
[NORM] Validating tgt_sst range...
[NORM] Normalizing input variables...
[DATA] Loading 15 NetCDF files...
[DATA] NetCDF loaded and concatenated, starting validation...
[DATA] NetCDF loaded and concatenated, starting validation...
[DATA] NetCDF loaded and concatenated, starting validation...
[DATA] NetCDF loaded and concatenated, starting validation...
[DATA] NetCDF loaded and concatenated, starting validation...
[DATA] NetCDF loaded and concatenated, starting validation...
[DATA] NetCDF loaded and concatenated, starting validation...
[DATA] NetCDF loaded and concatenated, starting validation...
[NORM] Starting normalization...
[NORM] Creating TrainingItem...
[NORM] Normalizing target variables...
[NORM] Starting normalization...
[NORM] Creating TrainingItem...
[NORM] Normalizing target variables...
[NORM] Validating tgt_sst range...
[NORM] Normalizing input variables...
[NORM] Validating tgt_sst range...
[NORM] Normalizing input variables...
[NORM] Starting normalization...
[NORM] Creating TrainingItem...
[NORM] Normalizing target variables...
[NORM] Starting normalization...
[NORM] Creating TrainingItem...
[NORM] Normalizing target variables...
[NORM] Starting normalization...
[NORM] Creating TrainingItem...
[NORM] Normalizing target variables...
[NORM] Validating tgt_sst range...
[NORM] Normalizing input variables...
[NORM] Validating tgt_sst range...
[NORM] Validating tgt_sst range...
[NORM] Normalizing input variables...
[NORM] Normalizing input variables...
[NORM] Starting normalization...
[NORM] Creating TrainingItem...
[NORM] Normalizing target variables...
[NORM] Starting normalization...
[NORM] Creating TrainingItem...
[NORM] Normalizing target variables...
[NORM] Starting normalization...
[NORM] Creating TrainingItem...
[NORM] Normalizing target variables...
[NORM] Validating tgt_sst range...
[NORM] Normalizing input variables...
[NORM] Validating tgt_sst range...
[NORM] Normalizing input variables...
[NORM] Validating tgt_sst range...
[NORM] Normalizing input variables...
[DATA] Loading 15 NetCDF files...
[DATA] Loading 15 NetCDF files...
[NORM] Starting normalization...
[NORM] Creating TrainingItem...
[NORM] Normalizing target variables...
[NORM] Validating tgt_sst range...
[NORM] Normalizing input variables...
[DATA] Loading 15 NetCDF files...
[NORM] Starting normalization...
[NORM] Creating TrainingItem...
[NORM] Normalizing target variables...
[NORM] Validating tgt_sst range...
[NORM] Normalizing input variables...
[NORM] Starting normalization...
[NORM] Creating TrainingItem...
[NORM] Normalizing target variables...
[NORM] Validating tgt_sst range...
[NORM] Normalizing input variables...
[NORM] Starting normalization...
[NORM] Creating TrainingItem...
[NORM] Normalizing target variables...
[NORM] Validating tgt_sst range...
[NORM] Normalizing input variables...
[NORM] Starting normalization...
[NORM] Creating TrainingItem...
[NORM] Normalizing target variables...
[NORM] Validating tgt_sst range...
[NORM] Normalizing input variables...
[DATA] Loading 15 NetCDF files...
[NORM] Starting normalization...
[NORM] Creating TrainingItem...
[NORM] Normalizing target variables...
[NORM] Starting normalization...
[NORM] Creating TrainingItem...
[NORM] Normalizing target variables...
[NORM] Validating tgt_sst range...
[NORM] Normalizing input variables...
[NORM] Validating tgt_sst range...
[NORM] Normalizing input variables...
[NORM] Starting normalization...
[NORM] Creating TrainingItem...
[NORM] Normalizing target variables...
[NORM] Validating tgt_sst range...
[NORM] Normalizing input variables...
[NORM] Starting normalization...
[NORM] Creating TrainingItem...
[NORM] Normalizing target variables...
[NORM] Starting normalization...
[NORM] Creating TrainingItem...
[NORM] Normalizing target variables...
[NORM] Validating tgt_sst range...
[NORM] Validating tgt_sst range...
[NORM] Normalizing input variables...
[NORM] Normalizing input variables...
[DATA] Loading 15 NetCDF files...
[NORM] Starting normalization...
[NORM] Creating TrainingItem...
[NORM] Normalizing target variables...
[NORM] Starting normalization...
[NORM] Creating TrainingItem...
[NORM] Normalizing target variables...
[NORM] Validating tgt_sst range...
[NORM] Normalizing input variables...
[NORM] Validating tgt_sst range...
[NORM] Normalizing input variables...
[DATA] Loading 15 NetCDF files...
[NORM] Starting normalization...
[NORM] Creating TrainingItem...
[NORM] Normalizing target variables...
[NORM] Validating tgt_sst range...
[NORM] Normalizing input variables...
[DATA LOADING] Patch 40/23231025 (count=2)
[DATA] Loading 15 NetCDF files...
[NORM] Starting normalization...
[NORM] Creating TrainingItem...
[NORM] Normalizing target variables...
[NORM] Validating tgt_sst range...
[NORM] Normalizing input variables...
[NORM] Starting normalization...
[NORM] Creating TrainingItem...
[NORM] Normalizing target variables...
[NORM] Validating tgt_sst range...
[NORM] Normalizing input variables...
[NORM] Starting normalization...
[NORM] Creating TrainingItem...
[NORM] Normalizing target variables...
[NORM] Validating tgt_sst range...
[NORM] Normalizing input variables...
[DATA] Loading 15 NetCDF files...
[DATA] NetCDF loaded and concatenated, starting validation...
[DATA] NetCDF loaded and concatenated, starting validation...
[DATA] NetCDF loaded and concatenated, starting validation...
[DATA] NetCDF loaded and concatenated, starting validation...
[DATA] NetCDF loaded and concatenated, starting validation...
[DATA] NetCDF loaded and concatenated, starting validation...
[DATA] NetCDF loaded and concatenated, starting validation...
[DATA] NetCDF loaded and concatenated, starting validation...
[NORM] Starting normalization...
[NORM] Creating TrainingItem...
[NORM] Normalizing target variables...
[NORM] Validating tgt_sst range...
[NORM] Normalizing input variables...
[NORM] Starting normalization...
[NORM] Creating TrainingItem...
[NORM] Normalizing target variables...
[NORM] Validating tgt_sst range...
[NORM] Normalizing input variables...
[NORM] Starting normalization...
[NORM] Creating TrainingItem...
[NORM] Normalizing target variables...
[NORM] Validating tgt_sst range...
[NORM] Normalizing input variables...
[DATA] Loading 15 NetCDF files...
[NORM] Starting normalization...
[NORM] Creating TrainingItem...
[NORM] Normalizing target variables...
[NORM] Validating tgt_sst range...
[NORM] Normalizing input variables...
[NORM] Starting normalization...
[NORM] Creating TrainingItem...
[NORM] Normalizing target variables...
[NORM] Validating tgt_sst range...
[NORM] Normalizing input variables...
[NORM] Starting normalization...
[NORM] Creating TrainingItem...
[NORM] Normalizing target variables...
[NORM] Validating tgt_sst range...
[NORM] Normalizing input variables...
[NORM] Starting normalization...
[NORM] Creating TrainingItem...
[NORM] Normalizing target variables...
[NORM] Validating tgt_sst range...
[NORM] Normalizing input variables...
[DATA] Loading 15 NetCDF files...
[NORM] Starting normalization...
[NORM] Creating TrainingItem...
[NORM] Normalizing target variables...
[NORM] Starting normalization...
[NORM] Creating TrainingItem...
[NORM] Normalizing target variables...
[NORM] Validating tgt_sst range...
[NORM] Normalizing input variables...
[NORM] Starting normalization...
[NORM] Creating TrainingItem...
[NORM] Normalizing target variables...
[NORM] Validating tgt_sst range...
[NORM] Normalizing input variables...
[NORM] Validating tgt_sst range...
[NORM] Normalizing input variables...
[NORM] Starting normalization...
[NORM] Creating TrainingItem...
[NORM] Normalizing target variables...
[NORM] Starting normalization...
[NORM] Creating TrainingItem...
[NORM] Normalizing target variables...
[NORM] Validating tgt_sst range...
[NORM] Normalizing input variables...
[NORM] Starting normalization...
[NORM] Creating TrainingItem...
[NORM] Normalizing target variables...
[NORM] Validating tgt_sst range...
[NORM] Normalizing input variables...
[NORM] Validating tgt_sst range...
[NORM] Normalizing input variables...
[DATA] Loading 15 NetCDF files...
[NORM] Starting normalization...
[NORM] Creating TrainingItem...
[NORM] Normalizing target variables...
[NORM] Validating tgt_sst range...
[NORM] Normalizing input variables...
[NORM] Starting normalization...
[NORM] Creating TrainingItem...
[NORM] Normalizing target variables...
[NORM] Validating tgt_sst range...
[NORM] Normalizing input variables...
[DATA] Loading 15 NetCDF files...
[DATA] Loading 15 NetCDF files...
[NORM] Starting normalization...
[NORM] Creating TrainingItem...
[NORM] Normalizing target variables...
[NORM] Starting normalization...
[NORM] Creating TrainingItem...
[NORM] Normalizing target variables...
[NORM] Validating tgt_sst range...
[NORM] Normalizing input variables...
[NORM] Validating tgt_sst range...
[NORM] Normalizing input variables...
[NORM] Starting normalization...
[NORM] Creating TrainingItem...
[NORM] Normalizing target variables...
[NORM] Validating tgt_sst range...
[NORM] Normalizing input variables...
[NORM] Starting normalization...
[NORM] Creating TrainingItem...
[NORM] Normalizing target variables...
[NORM] Validating tgt_sst range...
[NORM] Normalizing input variables...
[NORM] Starting normalization...
[NORM] Creating TrainingItem...
[NORM] Normalizing target variables...
[NORM] Validating tgt_sst range...
[NORM] Normalizing input variables...
[NORM] Starting normalization...
[NORM] Creating TrainingItem...
[NORM] Normalizing target variables...
[DATA LOADING] Patch 200/23231025 (count=2)
[DATA] Loading 15 NetCDF files...
[NORM] Validating tgt_sst range...
[NORM] Normalizing input variables...
[DATA] Loading 15 NetCDF files...
[NORM] Starting normalization...
[NORM] Creating TrainingItem...
[NORM] Normalizing target variables...
[NORM] Validating tgt_sst range...
[NORM] Normalizing input variables...
[NORM] Starting normalization...
[NORM] Creating TrainingItem...
[NORM] Normalizing target variables...
[NORM] Validating tgt_sst range...
[NORM] Normalizing input variables...
[NORM] Starting normalization...
[NORM] Creating TrainingItem...
[NORM] Normalizing target variables...
[NORM] Validating tgt_sst range...
[NORM] Normalizing input variables...
[DATA] Loading 15 NetCDF files...
[DATA] NetCDF loaded and concatenated, starting validation...
[DATA] NetCDF loaded and concatenated, starting validation...
[DATA] NetCDF loaded and concatenated, starting validation...
[DATA] NetCDF loaded and concatenated, starting validation...
[DATA] NetCDF loaded and concatenated, starting validation...
[DATA] NetCDF loaded and concatenated, starting validation...
[DATA] NetCDF loaded and concatenated, starting validation...
[DATA] NetCDF loaded and concatenated, starting validation...
[NORM] Starting normalization...
[NORM] Creating TrainingItem...
[NORM] Normalizing target variables...
[NORM] Validating tgt_sst range...
[NORM] Normalizing input variables...
[NORM] Starting normalization...
[NORM] Creating TrainingItem...
[NORM] Normalizing target variables...
[NORM] Validating tgt_sst range...
[NORM] Normalizing input variables...
[NORM] Starting normalization...
[NORM] Creating TrainingItem...
[NORM] Normalizing target variables...
[NORM] Starting normalization...
[NORM] Creating TrainingItem...
[NORM] Normalizing target variables...
[NORM] Validating tgt_sst range...
[NORM] Normalizing input variables...
[NORM] Validating tgt_sst range...
[NORM] Normalizing input variables...
[DATA] Loading 15 NetCDF files...
[NORM] Starting normalization...
[NORM] Creating TrainingItem...
[NORM] Normalizing target variables...
[NORM] Validating tgt_sst range...
[NORM] Normalizing input variables...
[NORM] Starting normalization...
[NORM] Creating TrainingItem...
[NORM] Normalizing target variables...
[NORM] Validating tgt_sst range...
[NORM] Normalizing input variables...
[DATA LOADING] Patch 10/23231025 (count=2)
[DATA] Loading 15 NetCDF files...
[NORM] Starting normalization...
[NORM] Creating TrainingItem...
[NORM] Normalizing target variables...
[NORM] Validating tgt_sst range...
[NORM] Normalizing input variables...
[NORM] Starting normalization...
[NORM] Creating TrainingItem...
[NORM] Normalizing target variables...
[NORM] Validating tgt_sst range...
[NORM] Normalizing input variables...
[NORM] Starting normalization...
[NORM] Creating TrainingItem...
[NORM] Normalizing target variables...
[NORM] Validating tgt_sst range...
[NORM] Normalizing input variables...
[DATA] Loading 15 NetCDF files...
[NORM] Starting normalization...
[NORM] Creating TrainingItem...
[NORM] Normalizing target variables...
[NORM] Validating tgt_sst range...
[NORM] Normalizing input variables...
[NORM] Starting normalization...
[NORM] Creating TrainingItem...
[NORM] Normalizing target variables...
[NORM] Validating tgt_sst range...
[NORM] Normalizing input variables...
[NORM] Starting normalization...
[NORM] Creating TrainingItem...
[NORM] Normalizing target variables...
[NORM] Validating tgt_sst range...
[NORM] Normalizing input variables...
[DATA] Loading 15 NetCDF files...
[NORM] Starting normalization...
[NORM] Creating TrainingItem...
[NORM] Normalizing target variables...
[NORM] Validating tgt_sst range...
[NORM] Normalizing input variables...
[NORM] Starting normalization...
[NORM] Creating TrainingItem...
[NORM] Normalizing target variables...
[NORM] Validating tgt_sst range...
[NORM] Normalizing input variables...
[NORM] Starting normalization...
[NORM] Creating TrainingItem...
[NORM] Normalizing target variables...
[NORM] Validating tgt_sst range...
[NORM] Normalizing input variables...
[DATA] Loading 15 NetCDF files...
[NORM] Starting normalization...
[NORM] Creating TrainingItem...
[NORM] Normalizing target variables...
[NORM] Validating tgt_sst range...
[NORM] Normalizing input variables...
[NORM] Starting normalization...
[NORM] Creating TrainingItem...
[NORM] Normalizing target variables...
[NORM] Validating tgt_sst range...
[NORM] Normalizing input variables...
[NORM] Starting normalization...
[NORM] Creating TrainingItem...
[NORM] Normalizing target variables...
[NORM] Validating tgt_sst range...
[NORM] Normalizing input variables...
[DATA] Loading 15 NetCDF files...
[NORM] Starting normalization...
[NORM] Creating TrainingItem...
[NORM] Normalizing target variables...
[NORM] Validating tgt_sst range...
[NORM] Normalizing input variables...
[NORM] Starting normalization...
[NORM] Creating TrainingItem...
[NORM] Normalizing target variables...
[NORM] Validating tgt_sst range...
[NORM] Normalizing input variables...
[NORM] Starting normalization...
[NORM] Creating TrainingItem...
[NORM] Normalizing target variables...
[NORM] Validating tgt_sst range...
[NORM] Normalizing input variables...
[DATA] Loading 15 NetCDF files...
[DATA] NetCDF loaded and concatenated, starting validation...
[DATA] NetCDF loaded and concatenated, starting validation...
[NORM] Starting normalization...
[NORM] Creating TrainingItem...
[NORM] Normalizing target variables...
[NORM] Validating tgt_sst range...
[NORM] Normalizing input variables...
[NORM] Starting normalization...
[NORM] Creating TrainingItem...
[NORM] Normalizing target variables...
[NORM] Validating tgt_sst range...
[NORM] Normalizing input variables...
[NORM] Starting normalization...
[NORM] Creating TrainingItem...
[NORM] Normalizing target variables...
[NORM] Validating tgt_sst range...
[NORM] Normalizing input variables...
[DATA] Loading 15 NetCDF files...
[DATA] NetCDF loaded and concatenated, starting validation...
[DATA] NetCDF loaded and concatenated, starting validation...
[DATA] NetCDF loaded and concatenated, starting validation...
[DATA] NetCDF loaded and concatenated, starting validation...
[DATA] NetCDF loaded and concatenated, starting validation...
[DATA] NetCDF loaded and concatenated, starting validation...
[NORM] Starting normalization...
[NORM] Creating TrainingItem...
[NORM] Normalizing target variables...
[NORM] Validating tgt_sst range...
[NORM] Normalizing input variables...
[NORM] Starting normalization...
[NORM] Creating TrainingItem...
[NORM] Normalizing target variables...
[NORM] Validating tgt_sst range...
[NORM] Normalizing input variables...
[NORM] Starting normalization...
[NORM] Creating TrainingItem...
[NORM] Normalizing target variables...
[NORM] Validating tgt_sst range...
[NORM] Normalizing input variables...
[DATA] Loading 15 NetCDF files...
[NORM] Starting normalization...
[NORM] Creating TrainingItem...
[NORM] Normalizing target variables...
[NORM] Validating tgt_sst range...
[NORM] Normalizing input variables...
[NORM] Starting normalization...
[NORM] Creating TrainingItem...
[NORM] Normalizing target variables...
[NORM] Validating tgt_sst range...
[NORM] Normalizing input variables...
[NORM] Starting normalization...
[NORM] Creating TrainingItem...
[NORM] Normalizing target variables...
[NORM] Validating tgt_sst range...
[NORM] Normalizing input variables...
[DATA] Loading 15 NetCDF files...
[NORM] Starting normalization...
[NORM] Creating TrainingItem...
[NORM] Normalizing target variables...
[NORM] Validating tgt_sst range...
[NORM] Normalizing input variables...
[NORM] Starting normalization...
[NORM] Creating TrainingItem...
[NORM] Normalizing target variables...
[NORM] Validating tgt_sst range...
[NORM] Normalizing input variables...
[NORM] Starting normalization...
[NORM] Creating TrainingItem...
[NORM] Normalizing target variables...
[NORM] Validating tgt_sst range...
[NORM] Normalizing input variables...
[DATA] Loading 15 NetCDF files...
[NORM] Starting normalization...
[NORM] Creating TrainingItem...
[NORM] Normalizing target variables...
[NORM] Starting normalization...
[NORM] Creating TrainingItem...
[NORM] Normalizing target variables...
[NORM] Validating tgt_sst range...
[NORM] Normalizing input variables...
[NORM] Validating tgt_sst range...
[NORM] Normalizing input variables...
[NORM] Starting normalization...
[NORM] Creating TrainingItem...
[NORM] Normalizing target variables...
[NORM] Starting normalization...
[NORM] Creating TrainingItem...
[NORM] Normalizing target variables...
[NORM] Validating tgt_sst range...
[NORM] Normalizing input variables...
[NORM] Validating tgt_sst range...
[NORM] Normalizing input variables...
[NORM] Starting normalization...
[NORM] Creating TrainingItem...
[NORM] Normalizing target variables...
[NORM] Validating tgt_sst range...
[NORM] Starting normalization...
[NORM] Creating TrainingItem...
[NORM] Normalizing target variables...
[NORM] Normalizing input variables...
[NORM] Starting normalization...
[NORM] Creating TrainingItem...
[NORM] Normalizing target variables...
[NORM] Validating tgt_sst range...
[NORM] Normalizing input variables...
[NORM] Validating tgt_sst range...
[NORM] Normalizing input variables...
[DATA] Loading 15 NetCDF files...
[DATA] Loading 15 NetCDF files...
[NORM] Starting normalization...
[NORM] Creating TrainingItem...
[NORM] Normalizing target variables...
[NORM] Validating tgt_sst range...
[NORM] Normalizing input variables...
[NORM] Starting normalization...
[NORM] Creating TrainingItem...
[NORM] Normalizing target variables...
[NORM] Validating tgt_sst range...
[NORM] Normalizing input variables...
[DATA] Loading 15 NetCDF files...
[DATA] NetCDF loaded and concatenated, starting validation...
[NORM] Starting normalization...
[NORM] Creating TrainingItem...
[NORM] Normalizing target variables...
[NORM] Validating tgt_sst range...
[NORM] Normalizing input variables...
[NORM] Starting normalization...
[NORM] Creating TrainingItem...
[NORM] Normalizing target variables...
[NORM] Validating tgt_sst range...
[NORM] Normalizing input variables...
[NORM] Starting normalization...
[NORM] Creating TrainingItem...
[NORM] Normalizing target variables...
[NORM] Validating tgt_sst range...
[NORM] Normalizing input variables...
[DATA LOADING] Patch 170/23231025 (count=2)
[DATA] Loading 15 NetCDF files...
[DATA] NetCDF loaded and concatenated, starting validation...
[NORM] Starting normalization...
[NORM] Creating TrainingItem...
[NORM] Normalizing target variables...
[NORM] Validating tgt_sst range...
[NORM] Normalizing input variables...
[NORM] Starting normalization...
[NORM] Creating TrainingItem...
[NORM] Normalizing target variables...
[NORM] Validating tgt_sst range...
[NORM] Normalizing input variables...
[NORM] Starting normalization...
[NORM] Creating TrainingItem...
[NORM] Normalizing target variables...
[NORM] Validating tgt_sst range...
[NORM] Normalizing input variables...
[DATA] Loading 15 NetCDF files...
[DATA] NetCDF loaded and concatenated, starting validation...
[DATA] NetCDF loaded and concatenated, starting validation...
[DATA] NetCDF loaded and concatenated, starting validation...
[DATA] NetCDF loaded and concatenated, starting validation...
[DATA] NetCDF loaded and concatenated, starting validation...
[2025-11-14 12:00:40,159][pytorch_lightning.utilities.rank_zero][INFO] - 
Detected KeyboardInterrupt, attempting graceful shutdown ...
