[2025-11-21 13:33:11,300][pytorch_lightning.utilities.rank_zero][INFO] - Using 16bit Automatic Mixed Precision (AMP)
[2025-11-21 13:33:11,335][pytorch_lightning.utilities.rank_zero][INFO] - GPU available: True (cuda), used: True
[2025-11-21 13:33:11,336][pytorch_lightning.utilities.rank_zero][INFO] - TPU available: False, using: 0 TPU cores
[2025-11-21 13:33:11,336][pytorch_lightning.utilities.rank_zero][INFO] - HPU available: False, using: 0 HPUs
/dmidata/users/malegu/envs/4denv/lib/python3.12/site-packages/pytorch_lightning/utilities/parsing.py:208: Attribute 'solver' is an instance of `nn.Module` and is already saved during checkpointing. It is recommended to ignore them using `self.save_hyperparameters(ignore=['solver'])`.
/dmidata/users/malegu/envs/4denv/lib/python3.12/site-packages/pytorch_lightning/callbacks/model_checkpoint.py:654: Checkpoint directory /dmidata/projects/4dvarnet/checkpoints_sst_multires exists and is not empty.

Logdir: /dmidata/projects/4dvarnet/results_sst_multires/run/20251121_133304

[2025-11-21 13:33:20,656][pytorch_lightning.accelerators.cuda][INFO] - LOCAL_RANK: 0 - CUDA_VISIBLE_DEVICES: [2]
[2025-11-21 13:33:20,663][pytorch_lightning.callbacks.model_summary][INFO] - 
  | Name   | Type        | Params | Mode 
-----------------------------------------------
0 | solver | GradSolvers | 2.2 M  | train
-----------------------------------------------
2.2 M     Trainable params
0         Non-trainable params
2.2 M     Total params
8.833     Total estimated model params size (MB)
53        Modules in train mode
0         Modules in eval mode
Sanity Checking: |          | 0/? [00:00<?, ?it/s]Sanity Checking:   0%|          | 0/5 [00:00<?, ?it/s]Sanity Checking DataLoader 0:   0%|          | 0/5 [00:00<?, ?it/s]/home/malegu/4D-MLG/Croscim/contrib/SST/solver.py:255: UserWarning: Using a target size (torch.Size([4, 15, 256, 256])) that is different to the input size (torch.Size([4, 139, 256, 256])). This will likely lead to incorrect results due to broadcasting. Please ensure they have the same size.
  return F.mse_loss(state, reconstructed)
Traceback (most recent call last):
  File "/dmidata/users/malegu/envs/4denv/lib/python3.12/multiprocessing/util.py", line 303, in _run_finalizers
    finalizer()
  File "/dmidata/users/malegu/envs/4denv/lib/python3.12/multiprocessing/util.py", line 227, in __call__
    res = self._callback(*self._args, **self._kwargs)
          ^^^^^^^^^^^^^^^^^^^^^^^^^^^^^^^^^^^^^^^^^^^
  File "/dmidata/users/malegu/envs/4denv/lib/python3.12/multiprocessing/util.py", line 136, in _remove_temp_dir
    rmtree(tempdir, onerror=onerror)
  File "/dmidata/users/malegu/envs/4denv/lib/python3.12/shutil.py", line 759, in rmtree
    _rmtree_safe_fd(stack, onexc)
  File "/dmidata/users/malegu/envs/4denv/lib/python3.12/shutil.py", line 703, in _rmtree_safe_fd
    onexc(func, path, err)
  File "/dmidata/users/malegu/envs/4denv/lib/python3.12/shutil.py", line 750, in onexc
    return onerror(func, path, exc_info)
           ^^^^^^^^^^^^^^^^^^^^^^^^^^^^^
  File "/dmidata/users/malegu/envs/4denv/lib/python3.12/shutil.py", line 700, in _rmtree_safe_fd
    onexc(os.unlink, fullname, err)
  File "/dmidata/users/malegu/envs/4denv/lib/python3.12/shutil.py", line 750, in onexc
    return onerror(func, path, exc_info)
           ^^^^^^^^^^^^^^^^^^^^^^^^^^^^^
  File "/dmidata/users/malegu/envs/4denv/lib/python3.12/shutil.py", line 698, in _rmtree_safe_fd
    os.unlink(entry.name, dir_fd=topfd)
OSError: [Errno 16] Device or resource busy: '/dmidata/users/malegu/tmp/pymp-7ldo7dwh'
Traceback (most recent call last):
  File "/dmidata/users/malegu/envs/4denv/lib/python3.12/multiprocessing/util.py", line 303, in _run_finalizers
    finalizer()
  File "/dmidata/users/malegu/envs/4denv/lib/python3.12/multiprocessing/util.py", line 227, in __call__
    res = self._callback(*self._args, **self._kwargs)
          ^^^^^^^^^^^^^^^^^^^^^^^^^^^^^^^^^^^^^^^^^^^
  File "/dmidata/users/malegu/envs/4denv/lib/python3.12/multiprocessing/util.py", line 136, in _remove_temp_dir
    rmtree(tempdir, onerror=onerror)
  File "/dmidata/users/malegu/envs/4denv/lib/python3.12/shutil.py", line 759, in rmtree
    _rmtree_safe_fd(stack, onexc)
  File "/dmidata/users/malegu/envs/4denv/lib/python3.12/shutil.py", line 703, in _rmtree_safe_fd
    onexc(func, path, err)
  File "/dmidata/users/malegu/envs/4denv/lib/python3.12/shutil.py", line 750, in onexc
    return onerror(func, path, exc_info)
           ^^^^^^^^^^^^^^^^^^^^^^^^^^^^^
  File "/dmidata/users/malegu/envs/4denv/lib/python3.12/shutil.py", line 700, in _rmtree_safe_fd
    onexc(os.unlink, fullname, err)
  File "/dmidata/users/malegu/envs/4denv/lib/python3.12/shutil.py", line 750, in onexc
    return onerror(func, path, exc_info)
           ^^^^^^^^^^^^^^^^^^^^^^^^^^^^^
  File "/dmidata/users/malegu/envs/4denv/lib/python3.12/shutil.py", line 698, in _rmtree_safe_fd
    os.unlink(entry.name, dir_fd=topfd)
OSError: [Errno 16] Device or resource busy: '/dmidata/users/malegu/tmp/pymp-j808quu9'
Traceback (most recent call last):
  File "/dmidata/users/malegu/envs/4denv/lib/python3.12/multiprocessing/util.py", line 303, in _run_finalizers
    finalizer()
  File "/dmidata/users/malegu/envs/4denv/lib/python3.12/multiprocessing/util.py", line 227, in __call__
    res = self._callback(*self._args, **self._kwargs)
          ^^^^^^^^^^^^^^^^^^^^^^^^^^^^^^^^^^^^^^^^^^^
  File "/dmidata/users/malegu/envs/4denv/lib/python3.12/multiprocessing/util.py", line 136, in _remove_temp_dir
    rmtree(tempdir, onerror=onerror)
  File "/dmidata/users/malegu/envs/4denv/lib/python3.12/shutil.py", line 759, in rmtree
    _rmtree_safe_fd(stack, onexc)
  File "/dmidata/users/malegu/envs/4denv/lib/python3.12/shutil.py", line 703, in _rmtree_safe_fd
    onexc(func, path, err)
  File "/dmidata/users/malegu/envs/4denv/lib/python3.12/shutil.py", line 750, in onexc
    return onerror(func, path, exc_info)
           ^^^^^^^^^^^^^^^^^^^^^^^^^^^^^
  File "/dmidata/users/malegu/envs/4denv/lib/python3.12/shutil.py", line 700, in _rmtree_safe_fd
    onexc(os.unlink, fullname, err)
  File "/dmidata/users/malegu/envs/4denv/lib/python3.12/shutil.py", line 750, in onexc
    return onerror(func, path, exc_info)
           ^^^^^^^^^^^^^^^^^^^^^^^^^^^^^
  File "/dmidata/users/malegu/envs/4denv/lib/python3.12/shutil.py", line 698, in _rmtree_safe_fd
    os.unlink(entry.name, dir_fd=topfd)
OSError: [Errno 16] Device or resource busy: '/dmidata/users/malegu/tmp/pymp-ic8tq7w6'
Traceback (most recent call last):
  File "/dmidata/users/malegu/envs/4denv/lib/python3.12/multiprocessing/util.py", line 303, in _run_finalizers
    finalizer()
  File "/dmidata/users/malegu/envs/4denv/lib/python3.12/multiprocessing/util.py", line 227, in __call__
    res = self._callback(*self._args, **self._kwargs)
          ^^^^^^^^^^^^^^^^^^^^^^^^^^^^^^^^^^^^^^^^^^^
  File "/dmidata/users/malegu/envs/4denv/lib/python3.12/multiprocessing/util.py", line 136, in _remove_temp_dir
    rmtree(tempdir, onerror=onerror)
  File "/dmidata/users/malegu/envs/4denv/lib/python3.12/shutil.py", line 759, in rmtree
    _rmtree_safe_fd(stack, onexc)
  File "/dmidata/users/malegu/envs/4denv/lib/python3.12/shutil.py", line 703, in _rmtree_safe_fd
    onexc(func, path, err)
  File "/dmidata/users/malegu/envs/4denv/lib/python3.12/shutil.py", line 750, in onexc
    return onerror(func, path, exc_info)
           ^^^^^^^^^^^^^^^^^^^^^^^^^^^^^
  File "/dmidata/users/malegu/envs/4denv/lib/python3.12/shutil.py", line 700, in _rmtree_safe_fd
    onexc(os.unlink, fullname, err)
  File "/dmidata/users/malegu/envs/4denv/lib/python3.12/shutil.py", line 750, in onexc
    return onerror(func, path, exc_info)
           ^^^^^^^^^^^^^^^^^^^^^^^^^^^^^
  File "/dmidata/users/malegu/envs/4denv/lib/python3.12/shutil.py", line 698, in _rmtree_safe_fd
    os.unlink(entry.name, dir_fd=topfd)
OSError: [Errno 16] Device or resource busy: '/dmidata/users/malegu/tmp/pymp-gkg17pdl'
Traceback (most recent call last):
  File "/dmidata/users/malegu/envs/4denv/lib/python3.12/multiprocessing/util.py", line 303, in _run_finalizers
    finalizer()
  File "/dmidata/users/malegu/envs/4denv/lib/python3.12/multiprocessing/util.py", line 227, in __call__
    res = self._callback(*self._args, **self._kwargs)
          ^^^^^^^^^^^^^^^^^^^^^^^^^^^^^^^^^^^^^^^^^^^
  File "/dmidata/users/malegu/envs/4denv/lib/python3.12/multiprocessing/util.py", line 136, in _remove_temp_dir
    rmtree(tempdir, onerror=onerror)
  File "/dmidata/users/malegu/envs/4denv/lib/python3.12/shutil.py", line 759, in rmtree
    _rmtree_safe_fd(stack, onexc)
  File "/dmidata/users/malegu/envs/4denv/lib/python3.12/shutil.py", line 703, in _rmtree_safe_fd
    onexc(func, path, err)
  File "/dmidata/users/malegu/envs/4denv/lib/python3.12/shutil.py", line 750, in onexc
    return onerror(func, path, exc_info)
           ^^^^^^^^^^^^^^^^^^^^^^^^^^^^^
  File "/dmidata/users/malegu/envs/4denv/lib/python3.12/shutil.py", line 700, in _rmtree_safe_fd
    onexc(os.unlink, fullname, err)
  File "/dmidata/users/malegu/envs/4denv/lib/python3.12/shutil.py", line 750, in onexc
    return onerror(func, path, exc_info)
           ^^^^^^^^^^^^^^^^^^^^^^^^^^^^^
  File "/dmidata/users/malegu/envs/4denv/lib/python3.12/shutil.py", line 698, in _rmtree_safe_fd
    os.unlink(entry.name, dir_fd=topfd)
OSError: [Errno 16] Device or resource busy: '/dmidata/users/malegu/tmp/pymp-asyorobu'
Traceback (most recent call last):
  File "/dmidata/users/malegu/envs/4denv/lib/python3.12/multiprocessing/util.py", line 303, in _run_finalizers
    finalizer()
  File "/dmidata/users/malegu/envs/4denv/lib/python3.12/multiprocessing/util.py", line 227, in __call__
    res = self._callback(*self._args, **self._kwargs)
          ^^^^^^^^^^^^^^^^^^^^^^^^^^^^^^^^^^^^^^^^^^^
  File "/dmidata/users/malegu/envs/4denv/lib/python3.12/multiprocessing/util.py", line 136, in _remove_temp_dir
    rmtree(tempdir, onerror=onerror)
  File "/dmidata/users/malegu/envs/4denv/lib/python3.12/shutil.py", line 759, in rmtree
    _rmtree_safe_fd(stack, onexc)
  File "/dmidata/users/malegu/envs/4denv/lib/python3.12/shutil.py", line 703, in _rmtree_safe_fd
    onexc(func, path, err)
  File "/dmidata/users/malegu/envs/4denv/lib/python3.12/shutil.py", line 750, in onexc
    return onerror(func, path, exc_info)
           ^^^^^^^^^^^^^^^^^^^^^^^^^^^^^
  File "/dmidata/users/malegu/envs/4denv/lib/python3.12/shutil.py", line 700, in _rmtree_safe_fd
    onexc(os.unlink, fullname, err)
  File "/dmidata/users/malegu/envs/4denv/lib/python3.12/shutil.py", line 750, in onexc
    return onerror(func, path, exc_info)
           ^^^^^^^^^^^^^^^^^^^^^^^^^^^^^
  File "/dmidata/users/malegu/envs/4denv/lib/python3.12/shutil.py", line 698, in _rmtree_safe_fd
    os.unlink(entry.name, dir_fd=topfd)
OSError: [Errno 16] Device or resource busy: '/dmidata/users/malegu/tmp/pymp-4joeewrl'
Traceback (most recent call last):
  File "/dmidata/users/malegu/envs/4denv/lib/python3.12/multiprocessing/util.py", line 303, in _run_finalizers
    finalizer()
  File "/dmidata/users/malegu/envs/4denv/lib/python3.12/multiprocessing/util.py", line 227, in __call__
    res = self._callback(*self._args, **self._kwargs)
          ^^^^^^^^^^^^^^^^^^^^^^^^^^^^^^^^^^^^^^^^^^^
  File "/dmidata/users/malegu/envs/4denv/lib/python3.12/multiprocessing/util.py", line 136, in _remove_temp_dir
    rmtree(tempdir, onerror=onerror)
  File "/dmidata/users/malegu/envs/4denv/lib/python3.12/shutil.py", line 759, in rmtree
    _rmtree_safe_fd(stack, onexc)
  File "/dmidata/users/malegu/envs/4denv/lib/python3.12/shutil.py", line 703, in _rmtree_safe_fd
    onexc(func, path, err)
  File "/dmidata/users/malegu/envs/4denv/lib/python3.12/shutil.py", line 750, in onexc
    return onerror(func, path, exc_info)
           ^^^^^^^^^^^^^^^^^^^^^^^^^^^^^
  File "/dmidata/users/malegu/envs/4denv/lib/python3.12/shutil.py", line 700, in _rmtree_safe_fd
    onexc(os.unlink, fullname, err)
  File "/dmidata/users/malegu/envs/4denv/lib/python3.12/shutil.py", line 750, in onexc
    return onerror(func, path, exc_info)
           ^^^^^^^^^^^^^^^^^^^^^^^^^^^^^
  File "/dmidata/users/malegu/envs/4denv/lib/python3.12/shutil.py", line 698, in _rmtree_safe_fd
    os.unlink(entry.name, dir_fd=topfd)
OSError: [Errno 16] Device or resource busy: '/dmidata/users/malegu/tmp/pymp-n9u4wkqg'
Traceback (most recent call last):
  File "/dmidata/users/malegu/envs/4denv/lib/python3.12/multiprocessing/util.py", line 303, in _run_finalizers
    finalizer()
  File "/dmidata/users/malegu/envs/4denv/lib/python3.12/multiprocessing/util.py", line 227, in __call__
    res = self._callback(*self._args, **self._kwargs)
          ^^^^^^^^^^^^^^^^^^^^^^^^^^^^^^^^^^^^^^^^^^^
  File "/dmidata/users/malegu/envs/4denv/lib/python3.12/multiprocessing/util.py", line 136, in _remove_temp_dir
    rmtree(tempdir, onerror=onerror)
  File "/dmidata/users/malegu/envs/4denv/lib/python3.12/shutil.py", line 759, in rmtree
    _rmtree_safe_fd(stack, onexc)
  File "/dmidata/users/malegu/envs/4denv/lib/python3.12/shutil.py", line 703, in _rmtree_safe_fd
    onexc(func, path, err)
  File "/dmidata/users/malegu/envs/4denv/lib/python3.12/shutil.py", line 750, in onexc
    return onerror(func, path, exc_info)
           ^^^^^^^^^^^^^^^^^^^^^^^^^^^^^
  File "/dmidata/users/malegu/envs/4denv/lib/python3.12/shutil.py", line 700, in _rmtree_safe_fd
    onexc(os.unlink, fullname, err)
  File "/dmidata/users/malegu/envs/4denv/lib/python3.12/shutil.py", line 750, in onexc
    return onerror(func, path, exc_info)
           ^^^^^^^^^^^^^^^^^^^^^^^^^^^^^
  File "/dmidata/users/malegu/envs/4denv/lib/python3.12/shutil.py", line 698, in _rmtree_safe_fd
    os.unlink(entry.name, dir_fd=topfd)
OSError: [Errno 16] Device or resource busy: '/dmidata/users/malegu/tmp/pymp-zyfds8gf'
Traceback (most recent call last):
  File "/dmidata/users/malegu/envs/4denv/lib/python3.12/multiprocessing/util.py", line 303, in _run_finalizers
    finalizer()
  File "/dmidata/users/malegu/envs/4denv/lib/python3.12/multiprocessing/util.py", line 227, in __call__
    res = self._callback(*self._args, **self._kwargs)
          ^^^^^^^^^^^^^^^^^^^^^^^^^^^^^^^^^^^^^^^^^^^
  File "/dmidata/users/malegu/envs/4denv/lib/python3.12/multiprocessing/util.py", line 136, in _remove_temp_dir
    rmtree(tempdir, onerror=onerror)
  File "/dmidata/users/malegu/envs/4denv/lib/python3.12/shutil.py", line 759, in rmtree
    _rmtree_safe_fd(stack, onexc)
  File "/dmidata/users/malegu/envs/4denv/lib/python3.12/shutil.py", line 703, in _rmtree_safe_fd
    onexc(func, path, err)
  File "/dmidata/users/malegu/envs/4denv/lib/python3.12/shutil.py", line 750, in onexc
    return onerror(func, path, exc_info)
           ^^^^^^^^^^^^^^^^^^^^^^^^^^^^^
  File "/dmidata/users/malegu/envs/4denv/lib/python3.12/shutil.py", line 700, in _rmtree_safe_fd
    onexc(os.unlink, fullname, err)
  File "/dmidata/users/malegu/envs/4denv/lib/python3.12/shutil.py", line 750, in onexc
    return onerror(func, path, exc_info)
           ^^^^^^^^^^^^^^^^^^^^^^^^^^^^^
  File "/dmidata/users/malegu/envs/4denv/lib/python3.12/shutil.py", line 698, in _rmtree_safe_fd
    os.unlink(entry.name, dir_fd=topfd)
OSError: [Errno 16] Device or resource busy: '/dmidata/users/malegu/tmp/pymp-tncsc4j6'
Traceback (most recent call last):
  File "/dmidata/users/malegu/envs/4denv/lib/python3.12/multiprocessing/util.py", line 303, in _run_finalizers
    finalizer()
  File "/dmidata/users/malegu/envs/4denv/lib/python3.12/multiprocessing/util.py", line 227, in __call__
    res = self._callback(*self._args, **self._kwargs)
          ^^^^^^^^^^^^^^^^^^^^^^^^^^^^^^^^^^^^^^^^^^^
  File "/dmidata/users/malegu/envs/4denv/lib/python3.12/multiprocessing/util.py", line 136, in _remove_temp_dir
    rmtree(tempdir, onerror=onerror)
  File "/dmidata/users/malegu/envs/4denv/lib/python3.12/shutil.py", line 759, in rmtree
    _rmtree_safe_fd(stack, onexc)
  File "/dmidata/users/malegu/envs/4denv/lib/python3.12/shutil.py", line 703, in _rmtree_safe_fd
    onexc(func, path, err)
  File "/dmidata/users/malegu/envs/4denv/lib/python3.12/shutil.py", line 750, in onexc
    return onerror(func, path, exc_info)
           ^^^^^^^^^^^^^^^^^^^^^^^^^^^^^
  File "/dmidata/users/malegu/envs/4denv/lib/python3.12/shutil.py", line 700, in _rmtree_safe_fd
    onexc(os.unlink, fullname, err)
  File "/dmidata/users/malegu/envs/4denv/lib/python3.12/shutil.py", line 750, in onexc
    return onerror(func, path, exc_info)
           ^^^^^^^^^^^^^^^^^^^^^^^^^^^^^
  File "/dmidata/users/malegu/envs/4denv/lib/python3.12/shutil.py", line 698, in _rmtree_safe_fd
    os.unlink(entry.name, dir_fd=topfd)
OSError: [Errno 16] Device or resource busy: '/dmidata/users/malegu/tmp/pymp-dp9vpmd6'
Error executing job with overrides: ['xp=SST/multires']
Traceback (most recent call last):
  File "/dmidata/users/malegu/envs/4denv/lib/python3.12/site-packages/hydra/_internal/instantiate/_instantiate2.py", line 92, in _call_target
    return _target_(*args, **kwargs)
           ^^^^^^^^^^^^^^^^^^^^^^^^^
  File "/home/malegu/4D-MLG/Croscim/src/train.py", line 20, in base_training
    trainer.fit(lit_mod, datamodule=dm, ckpt_path=ckpt)
  File "/dmidata/users/malegu/envs/4denv/lib/python3.12/site-packages/pytorch_lightning/trainer/trainer.py", line 538, in fit
    call._call_and_handle_interrupt(
  File "/dmidata/users/malegu/envs/4denv/lib/python3.12/site-packages/pytorch_lightning/trainer/call.py", line 47, in _call_and_handle_interrupt
    return trainer_fn(*args, **kwargs)
           ^^^^^^^^^^^^^^^^^^^^^^^^^^^
  File "/dmidata/users/malegu/envs/4denv/lib/python3.12/site-packages/pytorch_lightning/trainer/trainer.py", line 574, in _fit_impl
    self._run(model, ckpt_path=ckpt_path)
  File "/dmidata/users/malegu/envs/4denv/lib/python3.12/site-packages/pytorch_lightning/trainer/trainer.py", line 981, in _run
    results = self._run_stage()
              ^^^^^^^^^^^^^^^^^
  File "/dmidata/users/malegu/envs/4denv/lib/python3.12/site-packages/pytorch_lightning/trainer/trainer.py", line 1023, in _run_stage
    self._run_sanity_check()
  File "/dmidata/users/malegu/envs/4denv/lib/python3.12/site-packages/pytorch_lightning/trainer/trainer.py", line 1052, in _run_sanity_check
    val_loop.run()
  File "/dmidata/users/malegu/envs/4denv/lib/python3.12/site-packages/pytorch_lightning/loops/utilities.py", line 178, in _decorator
    return loop_run(self, *args, **kwargs)
           ^^^^^^^^^^^^^^^^^^^^^^^^^^^^^^^
  File "/dmidata/users/malegu/envs/4denv/lib/python3.12/site-packages/pytorch_lightning/loops/evaluation_loop.py", line 135, in run
    self._evaluation_step(batch, batch_idx, dataloader_idx, dataloader_iter)
  File "/dmidata/users/malegu/envs/4denv/lib/python3.12/site-packages/pytorch_lightning/loops/evaluation_loop.py", line 396, in _evaluation_step
    output = call._call_strategy_hook(trainer, hook_name, *step_args)
             ^^^^^^^^^^^^^^^^^^^^^^^^^^^^^^^^^^^^^^^^^^^^^^^^^^^^^^^^
  File "/dmidata/users/malegu/envs/4denv/lib/python3.12/site-packages/pytorch_lightning/trainer/call.py", line 319, in _call_strategy_hook
    output = fn(*args, **kwargs)
             ^^^^^^^^^^^^^^^^^^^
  File "/dmidata/users/malegu/envs/4denv/lib/python3.12/site-packages/pytorch_lightning/strategies/strategy.py", line 411, in validation_step
    return self.lightning_module.validation_step(*args, **kwargs)
           ^^^^^^^^^^^^^^^^^^^^^^^^^^^^^^^^^^^^^^^^^^^^^^^^^^^^^^
  File "/home/malegu/4D-MLG/Croscim/contrib/SST/models.py", line 755, in validation_step
    loss, out = self.multistep(batch, "val")
                ^^^^^^^^^^^^^^^^^^^^^^^^^^^^
  File "/home/malegu/4D-MLG/Croscim/contrib/SST/models.py", line 854, in multistep
    loss, out[f"patch_x{res}"] = self.step(batch_res, res=res, phase=phase)
                                 ^^^^^^^^^^^^^^^^^^^^^^^^^^^^^^^^^^^^^^^^^^
  File "/home/malegu/4D-MLG/Croscim/contrib/SST/models.py", line 951, in step
    loss, out = self.base_step(batch, res=res, phase=phase)
                ^^^^^^^^^^^^^^^^^^^^^^^^^^^^^^^^^^^^^^^^^^^
  File "/home/malegu/4D-MLG/Croscim/contrib/SST/models.py", line 1054, in base_step
    out = self(batch=sbatch, res=res)  # out is a tensor 
          ^^^^^^^^^^^^^^^^^^^^^^^^^^^
  File "/dmidata/users/malegu/envs/4denv/lib/python3.12/site-packages/torch/nn/modules/module.py", line 1553, in _wrapped_call_impl
    return self._call_impl(*args, **kwargs)
           ^^^^^^^^^^^^^^^^^^^^^^^^^^^^^^^^
  File "/dmidata/users/malegu/envs/4denv/lib/python3.12/site-packages/torch/nn/modules/module.py", line 1562, in _call_impl
    return forward_call(*args, **kwargs)
           ^^^^^^^^^^^^^^^^^^^^^^^^^^^^^
  File "/home/malegu/4D-MLG/Croscim/contrib/SST/models.py", line 796, in forward
    out = model(batch)
          ^^^^^^^^^^^^
  File "/dmidata/users/malegu/envs/4denv/lib/python3.12/site-packages/torch/nn/modules/module.py", line 1553, in _wrapped_call_impl
    return self._call_impl(*args, **kwargs)
           ^^^^^^^^^^^^^^^^^^^^^^^^^^^^^^^^
  File "/dmidata/users/malegu/envs/4denv/lib/python3.12/site-packages/torch/nn/modules/module.py", line 1562, in _call_impl
    return forward_call(*args, **kwargs)
           ^^^^^^^^^^^^^^^^^^^^^^^^^^^^^
  File "/home/malegu/4D-MLG/Croscim/contrib/SST/solver.py", line 62, in forward
    state = self.solver_step(state, batch, step=step)
            ^^^^^^^^^^^^^^^^^^^^^^^^^^^^^^^^^^^^^^^^^
  File "/home/malegu/4D-MLG/Croscim/contrib/SST/solver.py", line 29, in solver_step
    var_cost = self.prior_cost(state, batch) + self.obs_cost(state, batch)
               ^^^^^^^^^^^^^^^^^^^^^^^^^^^^^
  File "/dmidata/users/malegu/envs/4denv/lib/python3.12/site-packages/torch/nn/modules/module.py", line 1553, in _wrapped_call_impl
    return self._call_impl(*args, **kwargs)
           ^^^^^^^^^^^^^^^^^^^^^^^^^^^^^^^^
  File "/dmidata/users/malegu/envs/4denv/lib/python3.12/site-packages/torch/nn/modules/module.py", line 1562, in _call_impl
    return forward_call(*args, **kwargs)
           ^^^^^^^^^^^^^^^^^^^^^^^^^^^^^
  File "/home/malegu/4D-MLG/Croscim/contrib/SST/solver.py", line 255, in forward
    return F.mse_loss(state, reconstructed)
           ^^^^^^^^^^^^^^^^^^^^^^^^^^^^^^^^
  File "/dmidata/users/malegu/envs/4denv/lib/python3.12/site-packages/torch/nn/functional.py", line 3383, in mse_loss
    expanded_input, expanded_target = torch.broadcast_tensors(input, target)
                                      ^^^^^^^^^^^^^^^^^^^^^^^^^^^^^^^^^^^^^^
  File "/dmidata/users/malegu/envs/4denv/lib/python3.12/site-packages/torch/functional.py", line 77, in broadcast_tensors
    return _VF.broadcast_tensors(tensors)  # type: ignore[attr-defined]
           ^^^^^^^^^^^^^^^^^^^^^^^^^^^^^^
RuntimeError: The size of tensor a (139) must match the size of tensor b (15) at non-singleton dimension 1

The above exception was the direct cause of the following exception:

Traceback (most recent call last):
  File "/home/malegu/4D-MLG/Croscim/main.py", line 8, in <module>
    main()
  File "/dmidata/users/malegu/envs/4denv/lib/python3.12/site-packages/hydra/main.py", line 94, in decorated_main
    _run_hydra(
  File "/dmidata/users/malegu/envs/4denv/lib/python3.12/site-packages/hydra/_internal/utils.py", line 394, in _run_hydra
    _run_app(
  File "/dmidata/users/malegu/envs/4denv/lib/python3.12/site-packages/hydra/_internal/utils.py", line 457, in _run_app
    run_and_report(
  File "/dmidata/users/malegu/envs/4denv/lib/python3.12/site-packages/hydra/_internal/utils.py", line 223, in run_and_report
    raise ex
  File "/dmidata/users/malegu/envs/4denv/lib/python3.12/site-packages/hydra/_internal/utils.py", line 220, in run_and_report
    return func()
           ^^^^^^
  File "/dmidata/users/malegu/envs/4denv/lib/python3.12/site-packages/hydra/_internal/utils.py", line 458, in <lambda>
    lambda: hydra.run(
            ^^^^^^^^^^
  File "/dmidata/users/malegu/envs/4denv/lib/python3.12/site-packages/hydra/_internal/hydra.py", line 132, in run
    _ = ret.return_value
        ^^^^^^^^^^^^^^^^
  File "/dmidata/users/malegu/envs/4denv/lib/python3.12/site-packages/hydra/core/utils.py", line 260, in return_value
    raise self._return_value
  File "/dmidata/users/malegu/envs/4denv/lib/python3.12/site-packages/hydra/core/utils.py", line 186, in run_job
    ret.return_value = task_function(task_cfg)
                       ^^^^^^^^^^^^^^^^^^^^^^^
  File "/home/malegu/4D-MLG/Croscim/main.py", line 5, in main
    hydra.utils.call(cfg.entrypoints)
  File "/dmidata/users/malegu/envs/4denv/lib/python3.12/site-packages/hydra/_internal/instantiate/_instantiate2.py", line 249, in instantiate
    return instantiate_node(
           ^^^^^^^^^^^^^^^^^
  File "/dmidata/users/malegu/envs/4denv/lib/python3.12/site-packages/hydra/_internal/instantiate/_instantiate2.py", line 317, in instantiate_node
    instantiate_node(item, convert=convert, recursive=recursive)
  File "/dmidata/users/malegu/envs/4denv/lib/python3.12/site-packages/hydra/_internal/instantiate/_instantiate2.py", line 347, in instantiate_node
    return _call_target(_target_, partial, args, kwargs, full_key)
           ^^^^^^^^^^^^^^^^^^^^^^^^^^^^^^^^^^^^^^^^^^^^^^^^^^^^^^^
  File "/dmidata/users/malegu/envs/4denv/lib/python3.12/site-packages/hydra/_internal/instantiate/_instantiate2.py", line 97, in _call_target
    raise InstantiationException(msg) from e
hydra.errors.InstantiationException: Error in call to target 'src.train.base_training':
RuntimeError('The size of tensor a (139) must match the size of tensor b (15) at non-singleton dimension 1')
full_key: entrypoints0
