/dmidata/users/malegu/envs/4denv/lib/python3.12/site-packages/lightning_fabric/connector.py:571: `precision=16` is supported for historical reasons but its usage is discouraged. Please set your precision to 16-mixed instead!
[2025-12-13 17:42:45,346][pytorch_lightning.utilities.rank_zero][INFO] - Using 16bit Automatic Mixed Precision (AMP)
[2025-12-13 17:42:45,377][pytorch_lightning.utilities.rank_zero][INFO] - GPU available: True (cuda), used: True
[2025-12-13 17:42:45,377][pytorch_lightning.utilities.rank_zero][INFO] - TPU available: False, using: 0 TPU cores
[2025-12-13 17:42:45,377][pytorch_lightning.utilities.rank_zero][INFO] - HPU available: False, using: 0 HPUs
/dmidata/users/malegu/envs/4denv/lib/python3.12/site-packages/pytorch_lightning/utilities/parsing.py:208: Attribute 'solver' is an instance of `nn.Module` and is already saved during checkpointing. It is recommended to ignore them using `self.save_hyperparameters(ignore=['solver'])`.
/dmidata/users/malegu/envs/4denv/lib/python3.12/site-packages/pytorch_lightning/callbacks/model_checkpoint.py:654: Checkpoint directory /dmidata/projects/4dvarnet/checkpoints_sst_multires exists and is not empty.

Logdir: /dmidata/projects/4dvarnet/results_sst_multires/run/20251213_174240

[TEST SINGLE DAY] Target day selected: 2024-12-13 00:00:00. Temporal window: 2024-12-06 00:00:00 to 2024-12-20 00:00:00 (15 days)
[TEST SINGLE DAY] Target day selected: 2024-12-18 00:00:00. Temporal window: 2024-12-11 00:00:00 to 2024-12-25 00:00:00 (15 days)
[TEST SINGLE DAY] Target day selected: 2024-12-12 00:00:00. Temporal window: 2024-12-05 00:00:00 to 2024-12-19 00:00:00 (15 days)

[VAL PATCHES] Sélection de 16 patches de validation...
[DEBUG __getitem__] Worker PID=1115039 | Call #1 | idx=191112470
[DEBUG __getitem__] idx=191112470 | lat=[-52.12, -39.37] | lon=[165.27, 178.02]
[VAL PATCHES] idx=191112470 rejeté: low_variance (var=0.0249 < 0.0500)
[DEBUG __getitem__] Worker PID=1115039 | Call #2 | idx=62955721
[DEBUG __getitem__] idx=62955721 | lat=[28.73, 41.48] | lon=[132.07, 144.82]
[VAL PATCHES] Patch 1/16: idx=62955721, mean=0.60°C, std=0.23°C, ocean=86.0%
[DEBUG __getitem__] Worker PID=1115039 | Call #3 | idx=138467037
[DEBUG __getitem__] idx=138467037 | lat=[70.63, 83.38] | lon=[48.62, 61.37]
[VAL PATCHES] idx=138467037 rejeté: low_variance (var=0.0145 < 0.0500)
[DEBUG __getitem__] Worker PID=1115039 | Call #4 | idx=266202331
[DEBUG __getitem__] idx=266202331 | lat=[-13.22, -0.47] | lon=[-155.93, -143.18]
[VAL PATCHES] idx=266202331 rejeté: low_variance (var=0.0027 < 0.0500)
[DEBUG __getitem__] Worker PID=1115039 | Call #5 | idx=43087267
[DEBUG __getitem__] idx=43087267 | lat=[52.98, 65.73] | lon=[-155.62, -142.88]
[VAL PATCHES] idx=43087267 rejeté: low_variance (var=0.0044 < 0.0500)
[DEBUG __getitem__] Worker PID=1115039 | Call #6 | idx=362407445
[DEBUG __getitem__] idx=362407445 | lat=[10.38, 23.13] | lon=[-7.23, 5.52]
[VAL PATCHES] idx=362407445 rejeté: not_enough_data (valid_ratio=0.00% < 20.00%)
[DEBUG __getitem__] Worker PID=1115039 | Call #7 | idx=37206681
[DEBUG __getitem__] idx=37206681 | lat=[10.63, 23.38] | lon=[-64.18, -51.43]
[VAL PATCHES] idx=37206681 rejeté: low_variance (var=0.0020 < 0.0500)
[DEBUG __getitem__] Worker PID=1115039 | Call #8 | idx=32770884
[DEBUG __getitem__] idx=32770884 | lat=[-21.32, -8.57] | lon=[38.72, 51.47]
[VAL PATCHES] idx=32770884 rejeté: low_variance (var=0.0021 < 0.0500)
[DEBUG __getitem__] Worker PID=1115039 | Call #9 | idx=173312227
[DEBUG __getitem__] idx=173312227 | lat=[-13.02, -0.27] | lon=[154.88, 167.62]
[VAL PATCHES] idx=173312227 rejeté: low_variance (var=0.0022 < 0.0500)
[DEBUG __getitem__] Worker PID=1115039 | Call #10 | idx=79697987
[DEBUG __getitem__] idx=79697987 | lat=[-17.97, -5.22] | lon=[25.62, 38.37]
[VAL PATCHES] idx=79697987 rejeté: not_enough_data (valid_ratio=0.36% < 20.00%)
[DEBUG __getitem__] Worker PID=1115039 | Call #11 | idx=200195435
[VAL PATCHES] idx=200195435 rejeté: low_variance (var=0.0073 < 0.0500)
[DEBUG __getitem__] Worker PID=1115039 | Call #12 | idx=242896778
[VAL PATCHES] idx=242896778 rejeté: not_enough_data (valid_ratio=0.00% < 20.00%)
[DEBUG __getitem__] Worker PID=1115039 | Call #13 | idx=250929675
[VAL PATCHES] idx=250929675 rejeté: low_variance (var=0.0139 < 0.0500)
[DEBUG __getitem__] Worker PID=1115039 | Call #14 | idx=341655889
[VAL PATCHES] idx=341655889 rejeté: low_variance (var=0.0031 < 0.0500)
[DEBUG __getitem__] Worker PID=1115039 | Call #15 | idx=20700322
[VAL PATCHES] idx=20700322 rejeté: low_variance (var=0.0134 < 0.0500)
[DEBUG __getitem__] Worker PID=1115039 | Call #16 | idx=172756252
[VAL PATCHES] idx=172756252 rejeté: low_variance (var=0.0047 < 0.0500)
[DEBUG __getitem__] Worker PID=1115039 | Call #17 | idx=4852597
[VAL PATCHES] idx=4852597 rejeté: low_variance (var=0.0282 < 0.0500)
[DEBUG __getitem__] Worker PID=1115039 | Call #18 | idx=30554394
[VAL PATCHES] idx=30554394 rejeté: low_variance (var=0.0110 < 0.0500)
[DEBUG __getitem__] Worker PID=1115039 | Call #19 | idx=219247285
[VAL PATCHES] idx=219247285 rejeté: low_variance (var=0.0018 < 0.0500)
[DEBUG __getitem__] Worker PID=1115039 | Call #20 | idx=328854702
[VAL PATCHES] idx=328854702 rejeté: low_variance (var=0.0235 < 0.0500)
[VAL PATCHES] idx=354152862 rejeté: low_variance (var=0.0323 < 0.0500)
[VAL PATCHES] idx=145534335 rejeté: low_variance (var=0.0147 < 0.0500)
[VAL PATCHES] idx=16084898 rejeté: low_variance (var=0.0151 < 0.0500)
[VAL PATCHES] idx=204478269 rejeté: low_variance (var=0.0165 < 0.0500)
[VAL PATCHES] Patch 2/16: idx=92182544, mean=-1.88°C, std=0.26°C, ocean=70.4%
[VAL PATCHES] Patch 3/16: idx=122416941, mean=0.20°C, std=0.25°C, ocean=100.0%
[VAL PATCHES] Patch 4/16: idx=185446817, mean=-1.95°C, std=0.24°C, ocean=90.0%
[VAL PATCHES] Patch 5/16: idx=5817048, mean=0.19°C, std=0.27°C, ocean=100.0%
[VAL PATCHES] Patch 6/16: idx=281370357, mean=-1.12°C, std=0.31°C, ocean=100.0%
[VAL PATCHES] Patch 7/16: idx=49473218, mean=-0.97°C, std=0.29°C, ocean=100.0%
[DEBUG __getitem__] Worker PID=1115039 | Call #50 | idx=21871288
[VAL PATCHES] Patch 8/16: idx=21871288, mean=-1.78°C, std=0.29°C, ocean=62.9%
[VAL PATCHES] Patch 9/16: idx=41433287, mean=-0.20°C, std=0.25°C, ocean=79.8%
[VAL PATCHES] Patch 10/16: idx=273517283, mean=-0.08°C, std=0.36°C, ocean=85.7%
[VAL PATCHES] Patch 11/16: idx=71902199, mean=-1.32°C, std=0.27°C, ocean=100.0%
[VAL PATCHES] Patch 12/16: idx=327172396, mean=-1.38°C, std=0.23°C, ocean=99.9%
[VAL PATCHES] Patch 13/16: idx=28895028, mean=0.14°C, std=0.30°C, ocean=100.0%
[VAL PATCHES] Patch 14/16: idx=69252802, mean=-0.69°C, std=0.27°C, ocean=99.9%
[VAL PATCHES] Patch 15/16: idx=324537948, mean=-1.75°C, std=0.24°C, ocean=95.6%
[DEBUG __getitem__] Worker PID=1115039 | Call #100 | idx=65725171
[VAL PATCHES] Patch 16/16: idx=277951522, mean=-1.86°C, std=0.23°C, ocean=66.2%
[VAL PATCHES] 16 patches de validation sélectionnés avec succès
[2025-12-13 17:51:27,833][pytorch_lightning.accelerators.cuda][INFO] - LOCAL_RANK: 0 - CUDA_VISIBLE_DEVICES: [2]
[2025-12-13 17:51:27,839][pytorch_lightning.callbacks.model_summary][INFO] - 
  | Name   | Type        | Params | Mode 
-----------------------------------------------
0 | solver | GradSolvers | 359 K  | train
-----------------------------------------------
359 K     Trainable params
0         Non-trainable params
359 K     Total params
1.437     Total estimated model params size (MB)
53        Modules in train mode
0         Modules in eval mode
Sanity Checking: |          | 0/? [00:00<?, ?it/s]